============================================================
Pokretanje svih eksperimenata
============================================================
Using device: cpu

Loading dataset...
Train: 1768, Val: 379, Test: 380
Classes: ['cardboard', 'glass', 'metal', 'paper', 'plastic', 'trash']

Ukupno konfiguracija: 4

============================================================
Starting experiment: larger_model
============================================================
Config: {
  "name": "larger_model",
  "image_size": 224,
  "batch_size": 32,
  "learning_rate": 0.001,
  "weight_decay": 0.0001,
  "num_epochs": 15,
  "augmentation": true,
  "dropout": 0.5,
  "filters": [
    64,
    128,
    256,
    512
  ]
}
Total parameters: 1,555,974

Epoch 1/15
--------------------------------------------------
Train Loss: 1.4568, Train Acc: 0.4174
Val Loss:   1.3489, Val Acc:   0.4433
[OK] Best model saved (val_acc: 0.4433)

Epoch 2/15
--------------------------------------------------
Train Loss: 1.3337, Train Acc: 0.4548
Val Loss:   1.3284, Val Acc:   0.4828
[OK] Best model saved (val_acc: 0.4828)

Epoch 3/15
--------------------------------------------------
Train Loss: 1.3010, Train Acc: 0.4898
Val Loss:   1.1538, Val Acc:   0.5699
[OK] Best model saved (val_acc: 0.5699)

Epoch 4/15
--------------------------------------------------
Train Loss: 1.2785, Train Acc: 0.4893
Val Loss:   1.2241, Val Acc:   0.5013

Epoch 5/15
--------------------------------------------------
Train Loss: 1.2459, Train Acc: 0.5209
Val Loss:   1.3777, Val Acc:   0.4749

Epoch 6/15
--------------------------------------------------
Train Loss: 1.2189, Train Acc: 0.5255
Val Loss:   1.1026, Val Acc:   0.5620

Epoch 7/15
--------------------------------------------------
Train Loss: 1.2011, Train Acc: 0.5452
Val Loss:   1.0216, Val Acc:   0.6069
[OK] Best model saved (val_acc: 0.6069)

Epoch 8/15
--------------------------------------------------
Train Loss: 1.1707, Train Acc: 0.5413
Val Loss:   1.1303, Val Acc:   0.5488

Epoch 9/15
--------------------------------------------------
Train Loss: 1.1389, Train Acc: 0.5520
Val Loss:   1.0392, Val Acc:   0.6016

Epoch 10/15
--------------------------------------------------
Train Loss: 1.1546, Train Acc: 0.5588
Val Loss:   1.0089, Val Acc:   0.6042

Epoch 11/15
--------------------------------------------------
Train Loss: 1.0849, Train Acc: 0.5905
Val Loss:   0.9264, Val Acc:   0.6464
[OK] Best model saved (val_acc: 0.6464)

Epoch 12/15
--------------------------------------------------
Train Loss: 1.0346, Train Acc: 0.6126
Val Loss:   0.9178, Val Acc:   0.6517
[OK] Best model saved (val_acc: 0.6517)

Epoch 13/15
--------------------------------------------------
Train Loss: 1.0307, Train Acc: 0.6035
Val Loss:   0.9354, Val Acc:   0.6385

Epoch 14/15
--------------------------------------------------
Train Loss: 1.0179, Train Acc: 0.6261
Val Loss:   0.8857, Val Acc:   0.6781
[OK] Best model saved (val_acc: 0.6781)

Epoch 15/15
--------------------------------------------------
Train Loss: 1.0075, Train Acc: 0.6193
Val Loss:   0.9020, Val Acc:   0.6570

Evaluacija najboljeg modela na test skupu...
Test Accuracy: 0.6474

============================================================
Starting experiment: high_dropout
============================================================
Config: {
  "name": "high_dropout",
  "image_size": 224,
  "batch_size": 32,
  "learning_rate": 0.001,
  "weight_decay": 0.0001,
  "num_epochs": 15,
  "augmentation": true,
  "dropout": 0.7
}
Total parameters: 390,918

Epoch 1/15
--------------------------------------------------
Train Loss: 1.4876, Train Acc: 0.4078
Val Loss:   1.3161, Val Acc:   0.4749
[OK] Best model saved (val_acc: 0.4749)

Epoch 2/15
--------------------------------------------------
Train Loss: 1.3876, Train Acc: 0.4468
Val Loss:   1.2727, Val Acc:   0.4802
[OK] Best model saved (val_acc: 0.4802)

Epoch 3/15
--------------------------------------------------
Train Loss: 1.3622, Train Acc: 0.4502
Val Loss:   1.2096, Val Acc:   0.5409
[OK] Best model saved (val_acc: 0.5409)

Epoch 4/15
--------------------------------------------------
Train Loss: 1.3038, Train Acc: 0.4853
Val Loss:   1.2920, Val Acc:   0.4802

Epoch 5/15
--------------------------------------------------
Train Loss: 1.2893, Train Acc: 0.4842
Val Loss:   1.1187, Val Acc:   0.5805
[OK] Best model saved (val_acc: 0.5805)

Epoch 6/15
--------------------------------------------------
Train Loss: 1.2761, Train Acc: 0.5011
Val Loss:   1.1056, Val Acc:   0.5673

Epoch 7/15
--------------------------------------------------
Train Loss: 1.2319, Train Acc: 0.5266
Val Loss:   1.1147, Val Acc:   0.5435

Epoch 8/15
--------------------------------------------------
Train Loss: 1.1927, Train Acc: 0.5288
Val Loss:   1.1350, Val Acc:   0.5910
[OK] Best model saved (val_acc: 0.5910)

Epoch 9/15
--------------------------------------------------
Train Loss: 1.2242, Train Acc: 0.5204
Val Loss:   1.2144, Val Acc:   0.4855

Epoch 10/15
--------------------------------------------------
Train Loss: 1.2147, Train Acc: 0.5317
Val Loss:   1.0650, Val Acc:   0.5620

Epoch 11/15
--------------------------------------------------
Train Loss: 1.1648, Train Acc: 0.5537
Val Loss:   0.9998, Val Acc:   0.6385
[OK] Best model saved (val_acc: 0.6385)

Epoch 12/15
--------------------------------------------------
Train Loss: 1.1502, Train Acc: 0.5577
Val Loss:   0.9882, Val Acc:   0.6359

Epoch 13/15
--------------------------------------------------
Train Loss: 1.1243, Train Acc: 0.5673
Val Loss:   0.9863, Val Acc:   0.6517
[OK] Best model saved (val_acc: 0.6517)

Epoch 14/15
--------------------------------------------------
Train Loss: 1.1120, Train Acc: 0.5622
Val Loss:   0.9699, Val Acc:   0.6623
[OK] Best model saved (val_acc: 0.6623)

Epoch 15/15
--------------------------------------------------
Train Loss: 1.0763, Train Acc: 0.5882
Val Loss:   0.9543, Val Acc:   0.6596

Evaluacija najboljeg modela na test skupu...
Test Accuracy: 0.6184

============================================================
Starting experiment: no_augmentation
============================================================
Config: {
  "name": "no_augmentation",
  "image_size": 224,
  "batch_size": 32,
  "learning_rate": 0.001,
  "weight_decay": 0.0001,
  "num_epochs": 15,
  "augmentation": false,
  "dropout": 0.5
}
Total parameters: 390,918

Epoch 1/15
--------------------------------------------------
Train Loss: 1.2829, Train Acc: 0.5102
Val Loss:   1.4606, Val Acc:   0.4354
[OK] Best model saved (val_acc: 0.4354)

Epoch 2/15
--------------------------------------------------
Train Loss: 1.1551, Train Acc: 0.5650
Val Loss:   1.1637, Val Acc:   0.5541
[OK] Best model saved (val_acc: 0.5541)

Epoch 3/15
--------------------------------------------------
Train Loss: 1.0878, Train Acc: 0.5848
Val Loss:   1.2197, Val Acc:   0.5462

Epoch 4/15
--------------------------------------------------
Train Loss: 1.0858, Train Acc: 0.5916
Val Loss:   1.5095, Val Acc:   0.4987

Epoch 5/15
--------------------------------------------------
Train Loss: 1.0494, Train Acc: 0.5882
Val Loss:   1.6396, Val Acc:   0.4987

Epoch 6/15
--------------------------------------------------
Train Loss: 1.0119, Train Acc: 0.6114
Val Loss:   1.1700, Val Acc:   0.5726
[OK] Best model saved (val_acc: 0.5726)

Epoch 7/15
--------------------------------------------------
Train Loss: 0.9645, Train Acc: 0.6391
Val Loss:   1.1242, Val Acc:   0.5831
[OK] Best model saved (val_acc: 0.5831)

Epoch 8/15
--------------------------------------------------
Train Loss: 0.9534, Train Acc: 0.6408
Val Loss:   0.8934, Val Acc:   0.6755
[OK] Best model saved (val_acc: 0.6755)

Epoch 9/15
--------------------------------------------------
Train Loss: 0.9171, Train Acc: 0.6674
Val Loss:   1.0097, Val Acc:   0.6438

Epoch 10/15
--------------------------------------------------
Train Loss: 0.8930, Train Acc: 0.6680
Val Loss:   1.0687, Val Acc:   0.6121

Epoch 11/15
--------------------------------------------------
Train Loss: 0.8707, Train Acc: 0.6861
Val Loss:   0.8146, Val Acc:   0.7018
[OK] Best model saved (val_acc: 0.7018)

Epoch 12/15
--------------------------------------------------
Train Loss: 0.8138, Train Acc: 0.7115
Val Loss:   0.7783, Val Acc:   0.7177
[OK] Best model saved (val_acc: 0.7177)

Epoch 13/15
--------------------------------------------------
Train Loss: 0.7956, Train Acc: 0.7229
Val Loss:   0.7621, Val Acc:   0.7230
[OK] Best model saved (val_acc: 0.7230)

Epoch 14/15
--------------------------------------------------
Train Loss: 0.7657, Train Acc: 0.7285
Val Loss:   0.7608, Val Acc:   0.7335
[OK] Best model saved (val_acc: 0.7335)

Epoch 15/15
--------------------------------------------------
Train Loss: 0.7616, Train Acc: 0.7229
Val Loss:   0.7725, Val Acc:   0.7150

Evaluacija najboljeg modela na test skupu...
Test Accuracy: 0.7316

============================================================
Starting experiment: higher_lr
============================================================
Config: {
  "name": "higher_lr",
  "image_size": 224,
  "batch_size": 32,
  "learning_rate": 0.005,
  "weight_decay": 0.0001,
  "num_epochs": 15,
  "augmentation": true,
  "dropout": 0.5
}
Total parameters: 390,918

Epoch 1/15
--------------------------------------------------
Train Loss: 1.5252, Train Acc: 0.3773
Val Loss:   1.3975, Val Acc:   0.4301
[OK] Best model saved (val_acc: 0.4301)

Epoch 2/15
--------------------------------------------------
Train Loss: 1.4465, Train Acc: 0.4106
Val Loss:   1.4736, Val Acc:   0.4011

Epoch 3/15
--------------------------------------------------
Train Loss: 1.3750, Train Acc: 0.4457
Val Loss:   1.2961, Val Acc:   0.4776
[OK] Best model saved (val_acc: 0.4776)

Epoch 4/15
--------------------------------------------------
Train Loss: 1.3696, Train Acc: 0.4621
Val Loss:   1.2497, Val Acc:   0.5066
[OK] Best model saved (val_acc: 0.5066)

Epoch 5/15
--------------------------------------------------
Train Loss: 1.3234, Train Acc: 0.4904
Val Loss:   1.1937, Val Acc:   0.5198
[OK] Best model saved (val_acc: 0.5198)

Epoch 6/15
--------------------------------------------------
Train Loss: 1.3313, Train Acc: 0.4802
Val Loss:   1.3014, Val Acc:   0.4301

Epoch 7/15
--------------------------------------------------
Train Loss: 1.3145, Train Acc: 0.4864
Val Loss:   1.6889, Val Acc:   0.4037

Epoch 8/15
--------------------------------------------------
Train Loss: 1.2658, Train Acc: 0.4864
Val Loss:   1.1177, Val Acc:   0.5673
[OK] Best model saved (val_acc: 0.5673)

Epoch 9/15
--------------------------------------------------
Train Loss: 1.2485, Train Acc: 0.5243
Val Loss:   1.2921, Val Acc:   0.4855

Epoch 10/15
--------------------------------------------------
Train Loss: 1.2597, Train Acc: 0.5090
Val Loss:   1.1585, Val Acc:   0.5409

Epoch 11/15
--------------------------------------------------
Train Loss: 1.2101, Train Acc: 0.5339
Val Loss:   1.0786, Val Acc:   0.5858
[OK] Best model saved (val_acc: 0.5858)

Epoch 12/15
--------------------------------------------------
Train Loss: 1.1570, Train Acc: 0.5577
Val Loss:   1.0514, Val Acc:   0.6016
[OK] Best model saved (val_acc: 0.6016)

Epoch 13/15
--------------------------------------------------
Train Loss: 1.1598, Train Acc: 0.5560
Val Loss:   1.0508, Val Acc:   0.5989

Epoch 14/15
--------------------------------------------------
Train Loss: 1.1293, Train Acc: 0.5662
Val Loss:   1.0341, Val Acc:   0.6201
[OK] Best model saved (val_acc: 0.6201)

Epoch 15/15
--------------------------------------------------
Train Loss: 1.1155, Train Acc: 0.5543
Val Loss:   1.0190, Val Acc:   0.6016

Evaluacija najboljeg modela na test skupu...
Test Accuracy: 0.5895

============================================================
All experiments completed!
============================================================

Results saved to: C:\Users\PC\Garbage-Classification\results\all_experiments.json

Experiment           | Best Val   | Test      
--------------------------------------------------
larger_model         | 0.6781     | 0.6474
high_dropout         | 0.6623     | 0.6184
no_augmentation      | 0.7335     | 0.7316
higher_lr            | 0.6201     | 0.5895
